======================================================================
FINAL VERIFICATION TEST
======================================================================

[1] Testing Registration with NEW user...
    Email: test.user.87244@example.com
python : Traceback 
(most recent call 
last):
At line:1 char:1
+ python final_verifi
cation.py > 
test_output.txt 2>&1
+ ~~~~~~~~~~~~~~~~~~~
~~~~~~~~~~~~~~~~~~~~~
~~~~~~~~~~~
    + CategoryInfo   
           : NotSpe  
  cified: (Traceba   
 ck (most recent     
call last)::Stri    
ng) [], RemoteEx    
ception
    + FullyQualified 
   ErrorId : Native  
  CommandError
 
  File "C:\Users\LENO
VO\OneDrive\Desktop\A
yursutra\backend\fina
l_verification.py", 
line 31, in <module>
    print(f"\n    
\u2713 REGISTRATION 
SUCCESSFUL!")
    ~~~~~^^^^^^^^^^^^
^^^^^^^^^^^^^^^^^^^^^
^^^^
  File "C:\Python313\
Lib\encodings\cp1252.
py", line 19, in 
encode
    return codecs.cha
rmap_encode(input,sel
f.errors,encoding_tab
le)[0]
           ~~~~~~~~~~
~~~~~~~~~~~^^^^^^^^^^
^^^^^^^^^^^^^^^^^^^^^
^^^
UnicodeEncodeError: 
'charmap' codec 
can't encode 
character '\u2713' 
in position 6: 
character maps to 
<undefined>

During handling of 
the above exception, 
another exception 
occurred:

Traceback (most 
recent call last):
  File "C:\Users\LENO
VO\OneDrive\Desktop\A
yursutra\backend\fina
l_verification.py", 
line 60, in <module>
    print(f"\n    
\u2717 Error: {e}")
    ~~~~~^^^^^^^^^^^^
^^^^^^^^^^^
  File "C:\Python313\
Lib\encodings\cp1252.
py", line 19, in 
encode
    return codecs.cha
rmap_encode(input,sel
f.errors,encoding_tab
le)[0]
           ~~~~~~~~~~
~~~~~~~~~~~^^^^^^^^^^
^^^^^^^^^^^^^^^^^^^^^
^^^
UnicodeEncodeError: 
'charmap' codec 
can't encode 
character '\u2717' 
in position 6: 
character maps to 
<undefined>
