python : Traceback 
(most recent call 
last):
At line:1 char:1
+ python test_agent_
comprehensive.py > 
test_output.log 2>&1
+ ~~~~~~~~~~~~~~~~~~
~~~~~~~~~~~~~~~~~~~~
~~~~~~~~~~~~~~~~~~~
    + CategoryInfo  
            : NotS  
  pecified: (Trac   
 eback (most rec    
ent call last):    
:String) [], Re    
moteException
    + FullyQualifie 
   dErrorId : Nati  
  veCommandError
 
  File "C:\Users\LEN
OVO\OneDrive\Desktop
\Ayursutra\backend\t
est_agent_comprehens
ive.py", line 334, 
in <module>
    
print("\U0001f9ea 
Starting 
Comprehensive 
Health Agent 
Testing...")
    ~~~~~^^^^^^^^^^^
^^^^^^^^^^^^^^^^^^^^
^^^^^^^^^^^^^^^^^^^^
^^
  File "C:\Python313
\Lib\encodings\cp125
2.py", line 19, in 
encode
    return codecs.ch
armap_encode(input,s
elf.errors,encoding_
table)[0]
           ~~~~~~~~~
~~~~~~~~~~~~^^^^^^^^
^^^^^^^^^^^^^^^^^^^^
^^^^^^
UnicodeEncodeError: 
'charmap' codec 
can't encode 
character 
'\U0001f9ea' in 
position 0: 
character maps to 
<undefined>
